00:41:24 **** Incremental Build of configuration Debug for project d6t ****
make -j4 all 
arm-none-eabi-gcc "../Core/Src/main.c" -mcpu=cortex-m4 -std=gnu11 -g3 -DDEBUG -DUSE_HAL_DRIVER -DSTM32F446xx -c -I../Core/Inc -I../Drivers/STM32F4xx_HAL_Driver/Inc -I../Drivers/STM32F4xx_HAL_Driver/Inc/Legacy -I../Drivers/CMSIS/Device/ST/STM32F4xx/Include -I../Drivers/CMSIS/Include -O0 -ffunction-sections -fdata-sections -Wall -fstack-usage -fcyclomatic-complexity -MMD -MP -MF"Core/Src/main.d" -MT"Core/Src/main.o" --specs=nano.specs -mfpu=fpv4-sp-d16 -mfloat-abi=hard -mthumb -o "Core/Src/main.o"
arm-none-eabi-gcc -o "d6t.elf" @"objects.list"   -mcpu=cortex-m4 -T"F:\embedded\embedded_programming\stm32\F446RE\d6t\STM32F446RETX_FLASH.ld" --specs=nosys.specs -Wl,-Map="d6t.map" -Wl,--gc-sections -static --specs=nano.specs -mfpu=fpv4-sp-d16 -mfloat-abi=hard -mthumb -u _printf_float -u _scanf_float -Wl,--start-group -lc -lm -Wl,--end-group
Finished building target: d6t.elf
 
arm-none-eabi-size  d6t.elf 
arm-none-eabi-objdump -h -S d6t.elf  > "d6t.list"
   text	   data	    bss	    dec	    hex	filename
  36316	    468	   4244	  41028	   a044	d6t.elf
Finished building: default.size.stdout
 
Finished building: d6t.list
 

00:41:25 Build Finished. 0 errors, 0 warnings. (took 918ms)

