23:32:16 **** Incremental Build of configuration Debug for project i2c_scanner ****
make -j4 all 
arm-none-eabi-gcc "../Core/Src/main.c" -mcpu=cortex-m4 -std=gnu11 -g3 -DDEBUG -DUSE_HAL_DRIVER -DSTM32F446xx -c -I../Core/Inc -I../Drivers/STM32F4xx_HAL_Driver/Inc -I../Drivers/STM32F4xx_HAL_Driver/Inc/Legacy -I../Drivers/CMSIS/Device/ST/STM32F4xx/Include -I../Drivers/CMSIS/Include -O0 -ffunction-sections -fdata-sections -Wall -fstack-usage -fcyclomatic-complexity -MMD -MP -MF"Core/Src/main.d" -MT"Core/Src/main.o" --specs=nano.specs -mfpu=fpv4-sp-d16 -mfloat-abi=hard -mthumb -o "Core/Src/main.o"
arm-none-eabi-gcc -o "i2c_scanner.elf" @"objects.list"   -mcpu=cortex-m4 -T"F:\embedded\embedded_programming\stm32\F446RE\i2c_scanner\STM32F446RETX_FLASH.ld" --specs=nosys.specs -Wl,-Map="i2c_scanner.map" -Wl,--gc-sections -static --specs=nano.specs -mfpu=fpv4-sp-d16 -mfloat-abi=hard -mthumb -Wl,--start-group -lc -lm -Wl,--end-group
Finished building target: i2c_scanner.elf
 
arm-none-eabi-size  i2c_scanner.elf 
arm-none-eabi-objdump -h -S i2c_scanner.elf  > "i2c_scanner.list"
   text	   data	    bss	    dec	    hex	filename
  13812	     92	   2124	  16028	   3e9c	i2c_scanner.elf
Finished building: default.size.stdout
 
Finished building: i2c_scanner.list
 

23:32:17 Build Finished. 0 errors, 0 warnings. (took 1s.675ms)

