16:01:00 **** Incremental Build of configuration Debug for project slave ****
make -j4 all 
arm-none-eabi-gcc "../Core/Src/main.c" -mcpu=cortex-m4 -std=gnu11 -g3 -DDEBUG -DUSE_HAL_DRIVER -DSTM32F446xx -c -I../Core/Inc -I../Drivers/STM32F4xx_HAL_Driver/Inc -I../Drivers/STM32F4xx_HAL_Driver/Inc/Legacy -I../Drivers/CMSIS/Device/ST/STM32F4xx/Include -I../Drivers/CMSIS/Include -O0 -ffunction-sections -fdata-sections -Wall -fstack-usage -fcyclomatic-complexity -MMD -MP -MF"Core/Src/main.d" -MT"Core/Src/main.o" --specs=nano.specs -mfpu=fpv4-sp-d16 -mfloat-abi=hard -mthumb -o "Core/Src/main.o"
../Core/Src/main.c: In function 'HAL_UART_RxCpltCallback':
../Core/Src/main.c:143:13: warning: implicit declaration of function 'sprintf' [-Wimplicit-function-declaration]
  143 |             sprintf(status_buffer, "LED turned ON\r\n");
      |             ^~~~~~~
../Core/Src/main.c:21:1: note: include '<stdio.h>' or provide a declaration of 'sprintf'
   20 | #include "main.h"
  +++ |+#include <stdio.h>
   21 | 
../Core/Src/main.c:143:13: warning: incompatible implicit declaration of built-in function 'sprintf' [-Wbuiltin-declaration-mismatch]
  143 |             sprintf(status_buffer, "LED turned ON\r\n");
      |             ^~~~~~~
../Core/Src/main.c:143:13: note: include '<stdio.h>' or provide a declaration of 'sprintf'
../Core/Src/main.c:148:13: warning: incompatible implicit declaration of built-in function 'sprintf' [-Wbuiltin-declaration-mismatch]
  148 |             sprintf(status_buffer, "LED turned OFF\r\n");
      |             ^~~~~~~
../Core/Src/main.c:148:13: note: include '<stdio.h>' or provide a declaration of 'sprintf'
../Core/Src/main.c:152:13: warning: incompatible implicit declaration of built-in function 'sprintf' [-Wbuiltin-declaration-mismatch]
  152 |             sprintf(status_buffer, "Invalid command received: %c\r\n", RxData[0]);
      |             ^~~~~~~
../Core/Src/main.c:152:13: note: include '<stdio.h>' or provide a declaration of 'sprintf'
../Core/Src/main.c:156:62: warning: implicit declaration of function 'strlen' [-Wimplicit-function-declaration]
  156 |         HAL_UART_Transmit(&huart2, (uint8_t *)status_buffer, strlen(status_buffer), 100);
      |                                                              ^~~~~~
../Core/Src/main.c:21:1: note: include '<string.h>' or provide a declaration of 'strlen'
   20 | #include "main.h"
  +++ |+#include <string.h>
   21 | 
../Core/Src/main.c:156:62: warning: incompatible implicit declaration of built-in function 'strlen' [-Wbuiltin-declaration-mismatch]
  156 |         HAL_UART_Transmit(&huart2, (uint8_t *)status_buffer, strlen(status_buffer), 100);
      |                                                              ^~~~~~
../Core/Src/main.c:156:62: note: include '<string.h>' or provide a declaration of 'strlen'
arm-none-eabi-gcc -o "slave.elf" @"objects.list"   -mcpu=cortex-m4 -T"F:\embedded\embedded_projects\multi_mcu_slave_master\slave\STM32F446RETX_FLASH.ld" --specs=nosys.specs -Wl,-Map="slave.map" -Wl,--gc-sections -static --specs=nano.specs -mfpu=fpv4-sp-d16 -mfloat-abi=hard -mthumb -Wl,--start-group -lc -lm -Wl,--end-group
Finished building target: slave.elf
 
arm-none-eabi-size  slave.elf 
arm-none-eabi-objdump -h -S slave.elf  > "slave.list"
   text	   data	    bss	    dec	    hex	filename
  15912	     92	   2188	  18192	   4710	slave.elf
Finished building: default.size.stdout
 
Finished building: slave.list
 

16:01:01 Build Finished. 0 errors, 6 warnings. (took 872ms)

